******************************************************************************
                  TI ARM Linker PC v20.2.7                     
******************************************************************************
>> Linked Fri Dec  9 13:39:24 2022

OUTPUT FILE NAME:   <gpiointerrupt_CC3220S_LAUNCHXL_nortos_ccs.out>
ENTRY POINT SYMBOL: "resetISR"  address: 20012ad1


MEMORY CONFIGURATION

         name            origin    length      used     unused   attr    fill
----------------------  --------  ---------  --------  --------  ----  --------
  SRAM2                 20000000   00004000  0000130c  00002cf4  RW X
  SRAM                  20004000   0003c000  0001046e  0002bb92  RW X
  LOG_DATA              90000000   00040000  00000000  00040000  R   


SEGMENT ALLOCATION MAP

run origin  load origin   length   init length attrs members
----------  ----------- ---------- ----------- ----- -------
20003000    20003000    00001000   00000000    rw-
  20003000    20003000    00001000   00000000    rw- .stack
20004000    20004000    00000040   00000040    r--
  20004000    20004000    00000040   00000040    r-- .resetVecs
20004040    20004040    00008000   00000000    rw-
  20004040    20004040    00008000   00000000    rw- .sysmem
2000c040    2000c040    00007028   00007028    r-x
  2000c040    2000c040    00007028   00007028    r-x .text
20013068    20013068    00000d7c   00000000    rw-
  20013068    20013068    000007e0   00000000    rw- .data
  20013848    20013848    0000059c   00000000    rw- .bss
20013de4    20013de4    0000051a   0000051a    r--
  20013de4    20013de4    0000051a   0000051a    r-- .const
20014300    20014300    00000170   00000170    r--
  20014300    20014300    00000170   00000170    r-- .cinit


SECTION ALLOCATION MAP

 output                                  attributes/
section   page    origin      length       input sections
--------  ----  ----------  ----------   ----------------
.text      0    2000c040    00007028     
                  2000c040    00000a4e     rtsv7M4_T_le_eabi.lib : _printfi.c.obj (.text:__TI_printfi)
                  2000ca8e    00000002     ti_drivers_config.obj (.text:Board_initHook)
                  2000ca90    0000042c     driverlib.a : prcm.obj (.text:PRCMCC3200MCUInit)
                  2000cebc    00000288     drivers_cc32xx.a : UARTCC32XX.oem4 (.text:UARTCC32XX_open)
                  2000d144    00000268     rtsv7M4_T_le_eabi.lib : _printfi.c.obj (.text:_pconv_a)
                  2000d3ac    00000250     gpiointerrupt.obj (.text:initI2C)
                  2000d5fc    000001e4     drivers_cc32xx.a : GPIOCC32XX.oem4 (.text:GPIO_setConfig)
                  2000d7e0    000001cc     rtsv7M4_T_le_eabi.lib : _printfi.c.obj (.text:_pconv_g)
                  2000d9ac    000001b6                           : fd_add_t2.asm.obj (.text)
                  2000db62    00000002     drivers_cc32xx.a : I2C.oem4 (.text:I2C_init)
                  2000db64    0000019c     nortos_cc32xx.a : PowerCC32XX_nortos.oem4 (.text:PowerCC32XX_sleepPolicy)
                  2000dd00    00000148     drivers_cc32xx.a : I2CCC32XX.oem4 (.text:I2CCC32XX_hwiFxn)
                  2000de48    00000148                      : PowerCC32XX.oem4 (.text:parkPins)
                  2000df90    0000013c     rtsv7M4_T_le_eabi.lib : _printfi.c.obj (.text:_pconv_e)
                  2000e0cc    00000138     drivers_cc32xx.a : PowerCC32XX.oem4 (.text:Power_sleep)
                  2000e204    00000136     rtsv7M4_T_le_eabi.lib : fd_div_t2.asm.obj (.text)
                  2000e33a    00000002     nortos_cc32xx.a : PowerCC32XX_nortos.oem4 (.text:PowerCC32XX_initPolicy)
                  2000e33c    00000128     drivers_cc32xx.a : TimerCC32XX.oem4 (.text:TimerCC32XX_open)
                  2000e464    00000122                      : I2C.oem4 (.text:I2C_transferTimeout)
                  2000e586    00000002                      : TimerCC32XX.oem4 (.text:TimerCC32XX_init)
                  2000e588    00000120                      : UARTCC32XX.oem4 (.text:UARTCC32XX_close)
                  2000e6a8    00000120     rtsv7M4_T_le_eabi.lib : _printfi.c.obj (.text:fcvt)
                  2000e7c8    00000120     gpiointerrupt.obj (.text:readTemp)
                  2000e8e8    00000114     rtsv7M4_T_le_eabi.lib : fputs.c.obj (.text:fputs)
                  2000e9fc    00000100                           : memory.c.obj (.text:aligned_alloc)
                  2000eafc    000000fc     drivers_cc32xx.a : I2CCC32XX.oem4 (.text:I2C_open)
                  2000ebf8    000000fc     rtsv7M4_T_le_eabi.lib : fd_mul_t2.asm.obj (.text)
                  2000ecf4    000000f2     drivers_cc32xx.a : UARTCC32XX.oem4 (.text:UARTCC32XX_control)
                  2000ede6    00000002                      : UARTCC32XX.oem4 (.text:UARTCC32XX_init)
                  2000ede8    000000e4     rtsv7M4_T_le_eabi.lib : memory.c.obj (.text:free)
                  2000eecc    000000dc                           : setvbuf.c.obj (.text:setvbuf)
                  2000efa8    000000d0                           : s_scalbn.c.obj (.text:scalbn)
                  2000f078    000000ca     drivers_cc32xx.a : UARTCC32XX.oem4 (.text:UARTCC32XX_write)
                  2000f142    00000002     rtsv7M4_T_le_eabi.lib : _lock.c.obj (.text:_nop)
                  2000f144    000000c4     drivers_cc32xx.a : GPIOCC32XX.oem4 (.text:GPIO_init)
                  2000f208    000000c0                      : PowerCC32XX.oem4 (.text:restoreParkedPins)
                  2000f2c8    000000ba                      : UARTCC32XX.oem4 (.text:UARTCC32XX_readPolling)
                  2000f382    00000002     nortos_cc32xx.a : startup_cc32xx_ccs.oem4 (.text:busFaultHandler)
                  2000f384    000000b8     drivers_cc32xx.a : UARTCC32XX.oem4 (.text:initHw)
                  2000f43c    000000b6                      : UARTCC32XX.oem4 (.text:readTaskCallback)
                  2000f4f2    000000b2                      : I2CCC32XX.oem4 (.text:I2CCC32XX_completeTransfer)
                  2000f5a4    000000b1     rtsv7M4_T_le_eabi.lib : _printfi.c.obj (.text:_ltostr)
                  2000f655    00000001     --HOLE-- [fill = 0]
                  2000f656    00000002     nortos_cc32xx.a : SemaphoreP_nortos.oem4 (.text:clkFxn)
                  2000f658    000000b0     gpiointerrupt.obj (.text:mainThread)
                  2000f708    000000b0     drivers_cc32xx.a : UARTCC32XX.oem4 (.text:readTaskBlocking)
                  2000f7b8    000000ae                      : UARTCC32XX.oem4 (.text:readIsrTextBlocking)
                  2000f866    000000a8                      : I2CCC32XX.oem4 (.text:I2CCC32XX_primeWriteBurst)
                  2000f90e    00000002     nortos_cc32xx.a : startup_cc32xx_ccs.oem4 (.text:defaultHandler)
                  2000f910    000000a8     driverlib.a : interrupt.obj (.text:IntEnable)
                  2000f9b8    000000a8     drivers_cc32xx.a : PowerCC32XX.oem4 (.text:PowerCC32XX_configureWakeup)
                  2000fa60    000000a2                      : UARTCC32XX.oem4 (.text:readIsrTextCallback)
                  2000fb02    000000a2                      : UARTCC32XX.oem4 (.text:writeData)
                  2000fba4    000000a0     nortos_cc32xx.a : SemaphoreP_nortos.oem4 (.text:SemaphoreP_pend)
                  2000fc44    0000009c     drivers_cc32xx.a : I2CCC32XX.oem4 (.text:I2CCC32XX_initHw)
                  2000fce0    0000009c     rtsv7M4_T_le_eabi.lib : memcpy_t2.asm.obj (.text)
                  2000fd7c    00000098     drivers_cc32xx.a : GPIOCC32XX.oem4 (.text:powerNotifyFxn)
                  2000fe14    00000098     gpiointerrupt.obj (.text:task_one)
                  2000feac    00000096     rtsv7M4_T_le_eabi.lib : ull_div_t2.asm.obj (.text)
                  2000ff42    00000002     nortos_cc32xx.a : startup_cc32xx_ccs.oem4 (.text:faultISR)
                  2000ff44    00000090     drivers_cc32xx.a : PowerCC32XX.oem4 (.text:restoreNVICRegs)
                  2000ffd4    0000008c     nortos_cc32xx.a : HwiPCC32XX_nortos.oem4 (.text:HwiP_construct)
                  20010060    0000008c     rtsv7M4_T_le_eabi.lib : fputc.c.obj (.text:fputc)
                  200100ec    00000088     driverlib.a : interrupt.obj (.text:IntPendSet)
                  20010174    00000088                 : pin.obj (.text:PinConfigSet)
                  200101fc    00000088     drivers_cc32xx.a : TimerCC32XX.oem4 (.text:TimerCC32XX_setPeriod)
                  20010284    00000086     rtsv7M4_T_le_eabi.lib : fd_cmp_t2.asm.obj (.text:__aeabi_cdcmple)
                  2001030a    00000086                           : fd_cmp_t2.asm.obj (.text:__aeabi_cdrcmple)
                  20010390    00000084     drivers_cc32xx.a : PowerCC32XX.oem4 (.text:Power_init)
                  20010414    00000084                      : PowerCC32XX.oem4 (.text:saveNVICRegs)
                  20010498    00000080                      : PowerCC32XX.oem4 (.text:Power_setDependency)
                  20010518    0000007c                      : UARTCC32XX.oem4 (.text:readIsrBinaryBlocking)
                  20010594    0000007c     gpiointerrupt.obj (.text:timerCallback)
                  20010610    0000007a     drivers_cc32xx.a : I2CCC32XX.oem4 (.text:I2CCC32XX_primeReadBurst)
                  2001068a    0000007a     rtsv7M4_T_le_eabi.lib : fs_mul_t2.asm.obj (.text)
                  20010704    0000007a                           : memset_t2.asm.obj (.text)
                  2001077e    00000002     nortos_cc32xx.a : startup_cc32xx_ccs.oem4 (.text:nmiISR)
                  20010780    00000078     drivers_cc32xx.a : GPIOCC32XX.oem4 (.text:GPIO_hwiIntFxn)
                  200107f8    00000078                      : TimerCC32XX.oem4 (.text:TimerCC32XX_start)
                  20010870    00000078                      : UARTCC32XX.oem4 (.text:readIsrBinaryCallback)
                  200108e8    00000074                      : UARTCC32XX.oem4 (.text:UARTCC32XX_hwiIntFxn)
                  2001095c    00000074     rtsv7M4_T_le_eabi.lib : fclose.c.obj (.text:__TI_closefile)
                  200109d0    00000070                           : memory.c.obj (.text:split)
                  20010a40    0000006e                           : _printfi.c.obj (.text:_mcpy)
                  20010aae    00000002                           : div0.asm.obj (.text)
                  20010ab0    0000006c                           : hostrename.c.obj (.text:HOSTrename)
                  20010b1c    0000006c     gpiointerrupt.obj (.text:task_three)
                  20010b88    0000006c     gpiointerrupt.obj (.text:task_two)
                  20010bf4    0000006a     drivers_cc32xx.a : I2CCC32XX.oem4 (.text:I2CSupport_primeTransfer)
                  20010c5e    00000002     --HOLE-- [fill = 0]
                  20010c60    00000068     rtsv7M4_T_le_eabi.lib : hostlseek.c.obj (.text:HOSTlseek)
                  20010cc8    00000068                           : copy_decompress_lzss.c.obj (.text:decompress:lzss:__TI_decompress_lzss)
                  20010d30    00000068                           : printf.c.obj (.text:printf)
                  20010d98    00000066     drivers_cc32xx.a : UARTCC32XX.oem4 (.text:UARTCC32XX_writeCancel)
                  20010dfe    00000002     --HOLE-- [fill = 0]
                  20010e00    00000064                      : PowerCC32XX.oem4 (.text:PowerCC32XX_setParkState)
                  20010e64    00000064     rtsv7M4_T_le_eabi.lib : fseek.c.obj (.text:fseek)
                  20010ec8    00000062     drivers_cc32xx.a : UARTCC32XX.oem4 (.text:UARTCC32XX_writePolling)
                  20010f2a    00000062     rtsv7M4_T_le_eabi.lib : _io_perm.c.obj (.text:__TI_wrt_ok)
                  20010f8c    00000060                           : hostopen.c.obj (.text:HOSTopen)
                  20010fec    00000060     driverlib.a : prcm.obj (.text:PRCMSysResetCauseGet)
                  2001104c    0000005c     drivers_cc32xx.a : GPIOCC32XX.oem4 (.text:GPIO_setCallback)
                  200110a8    0000005c     rtsv7M4_T_le_eabi.lib : close.c.obj (.text:close)
                  20011104    0000005c                           : s_frexp.c.obj (.text:frexp)
                  20011160    0000005c     nortos_cc32xx.a : ClockPSysTick_nortos.oem4 (.text:sysTickInit)
                  200111bc    00000058     drivers_cc32xx.a : GPIOCC32XX.oem4 (.text:GPIO_write)
                  20011214    00000058     rtsv7M4_T_le_eabi.lib : hostread.c.obj (.text:HOSTread)
                  2001126c    00000058                           : hostwrite.c.obj (.text:HOSTwrite)
                  200112c4    00000058     driverlib.a : prcm.obj (.text:PRCMPeripheralReset)
                  2001131c    00000058     drivers_cc32xx.a : PowerCC32XX.oem4 (.text:Power_releaseDependency)
                  20011374    00000056                      : TimerCC32XX.oem4 (.text:TimerCC32XX_stop)
                  200113ca    00000056     rtsv7M4_T_le_eabi.lib : _printfi.c.obj (.text:_pconv_f)
                  20011420    00000054                           : _ltoa.c.obj (.text:__TI_ltoa)
                  20011474    00000054     gpiointerrupt.obj (.text:initTimer)
                  200114c8    00000054     drivers_cc32xx.a : UARTCC32XX.oem4 (.text:ringBufGet)
                  2001151c    00000052                      : PowerCC32XX_asm.oem4 (.text:PowerCC32XX_resumeLPDS)
                  2001156e    00000052     rtsv7M4_T_le_eabi.lib : _printfi.c.obj (.text:_ecpy)
                  200115c0    00000052     drivers_cc32xx.a : TimerCC32XX.oem4 (.text:initHw)
                  20011612    00000002     --HOLE-- [fill = 0]
                  20011614    00000050     nortos_cc32xx.a : ClockPSysTick_nortos.oem4 (.text:ClockP_sysTickHandler)
                  20011664    00000050                     : SemaphoreP_nortos.oem4 (.text:SemaphoreP_construct)
                  200116b4    00000050     drivers_cc32xx.a : TimerCC32XX.oem4 (.text:TimerCC32XX_allocateTimerResource)
                  20011704    0000004c                      : GPIOCC32XX.oem4 (.text:GPIO_enableInt)
                  20011750    0000004c                      : I2CCC32XX.oem4 (.text:I2CCC32XX_readRecieveFifo)
                  2001179c    0000004c                      : PowerCC32XX.oem4 (.text:PowerCC32XX_parkPin)
                  200117e8    0000004c     rtsv7M4_T_le_eabi.lib : fflush.c.obj (.text:__TI_doflush)
                  20011834    0000004c                           : atoi.c.obj (.text:atoi)
                  20011880    0000004c     drivers_cc32xx.a : PowerCC32XX.oem4 (.text:restorePeriphClocks)
                  200118cc    0000004c     rtsv7M4_T_le_eabi.lib : snprintf.c.obj (.text:snprintf)
                  20011918    00000048     driverlib.a : flash.obj (.text:FlashDisable)
                  20011960    00000048                 : prcm.obj (.text:PRCMLPDSEnter)
                  200119a8    00000048                 : prcm.obj (.text:PRCMPeripheralClkEnable)
                  200119f0    00000048     drivers_cc32xx.a : PowerCC32XX.oem4 (.text:Power_releaseConstraint)
                  20011a38    00000048     rtsv7M4_T_le_eabi.lib : exit.c.obj (.text:exit)
                  20011a80    00000048                           : fd_toi_t2.asm.obj (.text)
                  20011ac8    00000046     drivers_cc32xx.a : RingBuf.oem4 (.text:RingBuf_put)
                  20011b0e    00000046                      : TimerCC32XX.oem4 (.text:getPrescaler)
                  20011b54    00000044     nortos_cc32xx.a : ClockPSysTick_nortos.oem4 (.text:ClockP_stop)
                  20011b98    00000044     rtsv7M4_T_le_eabi.lib : hostclose.c.obj (.text:HOSTclose)
                  20011bdc    00000044                           : hostunlink.c.obj (.text:HOSTunlink)
                  20011c20    00000044     driverlib.a : prcm.obj (.text:PRCMLPDSRestoreInfoSet)
                  20011c64    00000044     drivers_cc32xx.a : PowerCC32XX_asm.oem4 (.text:PowerCC32XX_enterLPDS)
                  20011ca8    00000044     nortos_cc32xx.a : SemaphoreP_nortos.oem4 (.text:SemaphoreP_post)
                  20011cec    00000044                     : SwiP_nortos.oem4 (.text:SwiP_restore)
                  20011d30    00000044     drivers_cc32xx.a : Timer.oem4 (.text:Timer_init)
                  20011d74    00000044                      : UART.oem4 (.text:UART_init)
                  20011db8    00000044     rtsv7M4_T_le_eabi.lib : autoinit.c.obj (.text:__TI_auto_init_nobinit_nopinit:__TI_auto_init_nobinit_nopinit)
                  20011dfc    00000044                           : getdevice.c.obj (.text:getdevice)
                  20011e40    00000044     gpiointerrupt.obj (.text:initUART)
                  20011e84    00000040     nortos_cc32xx.a : ClockPSysTick_nortos.oem4 (.text:ClockP_construct)
                  20011ec4    00000040     driverlib.a : pin.obj (.text:PinModeSet)
                  20011f04    00000040     drivers_cc32xx.a : RingBuf.oem4 (.text:RingBuf_get)
                  20011f44    00000040                      : Timer.oem4 (.text:Timer_open)
                  20011f84    00000040                      : UARTCC32XX.oem4 (.text:UARTCC32XX_read)
                  20011fc4    00000040                      : UART.oem4 (.text:UART_open)
                  20012004    0000003e     rtsv7M4_T_le_eabi.lib : _printfi.c.obj (.text:_fcpy)
                  20012042    00000002     --HOLE-- [fill = 0]
                  20012044    0000003c     nortos_cc32xx.a : ClockPSysTick_nortos.oem4 (.text:ClockP_destruct)
                  20012080    0000003c     drivers_cc32xx.a : PowerCC32XX.oem4 (.text:Power_setConstraint)
                  200120bc    0000003a                      : TimerCC32XX.oem4 (.text:TimerCC32XX_close)
                  200120f6    0000003a     nortos_cc32xx.a : PowerCC32XX_nortos.oem4 (.text:getCountsRTC)
                  20012130    00000038     driverlib.a : prcm.obj (.text:PRCMLPDSEnterKeepDebugIf)
                  20012168    00000038     drivers_cc32xx.a : TimerCC32XX.oem4 (.text:TimerCC32XX_hwiIntFunction)
                  200121a0    00000038     rtsv7M4_T_le_eabi.lib : trgmsg.c.obj (.text:__TI_writemsg)
                  200121d8    00000038     nortos_cc32xx.a : ClockPSysTick_nortos.oem4 (.text:addToList)
                  20012210    00000038                     : startup_cc32xx_ccs.oem4 (.text:initVectors)
                  20012248    00000038     drivers_cc32xx.a : PowerCC32XX.oem4 (.text:notify)
                  20012280    00000038     rtsv7M4_T_le_eabi.lib : fs_toi_t2.asm.obj (.text)
                  200122b8    00000038                           : i_tofs_t2.asm.obj (.text)
                  200122f0    00000036     driverlib.a : timer.obj (.text:TimerControlStall)
                  20012326    00000036     drivers_cc32xx.a : UARTCC32XX.oem4 (.text:UARTCC32XX_readCancel)
                  2001235c    00000036     rtsv7M4_T_le_eabi.lib : strncpy.c.obj (.text:strncpy)
                  20012392    00000002     --HOLE-- [fill = 0]
                  20012394    00000034     nortos_cc32xx.a : ClockPSysTick_nortos.oem4 (.text:ClockP_getTicksUntilInterrupt)
                  200123c8    00000034                     : ClockPSysTick_nortos.oem4 (.text:ClockP_startup)
                  200123fc    00000034     driverlib.a : pin.obj (.text:PinModeGet)
                  20012430    00000034     drivers_cc32xx.a : PowerCC32XX.oem4 (.text:PowerCC32XX_restoreParkState)
                  20012464    00000034                      : TimerCC32XX.oem4 (.text:TimerCC32XX_freeTimerResource)
                  20012498    00000034     rtsv7M4_T_le_eabi.lib : fopen.c.obj (.text:__TI_cleanup)
                  200124cc    00000034                           : trgmsg.c.obj (.text:__TI_readmsg)
                  20012500    00000034     drivers_cc32xx.a : TimerCC32XX.oem4 (.text:getPowerMgrId)
                  20012534    00000030     nortos_cc32xx.a : ClockPSysTick_nortos.oem4 (.text:ClockP_start)
                  20012564    00000030     drivers_cc32xx.a : PowerCC32XX.oem4 (.text:PowerCC32XX_restoreParkedPin)
                  20012594    00000030     rtsv7M4_T_le_eabi.lib : snprintf.c.obj (.text:_outs)
                  200125c4    00000030                           : getdevice.c.obj (.text:finddevice)
                  200125f4    0000002e                           : i_tofd_t2.asm.obj (.text)
                  20012622    00000002     --HOLE-- [fill = 0]
                  20012624    0000002c     drivers_cc32xx.a : PowerCC32XX.oem4 (.text:PowerCC32XX_getParkState)
                  20012650    0000002c     rtsv7M4_T_le_eabi.lib : unlink.c.obj (.text:unlink)
                  2001267c    0000002a     nortos_cc32xx.a : HwiPCC32XX_nortos.oem4 (.text:HwiP_create)
                  200126a6    0000002a     driverlib.a : timer.obj (.text:TimerLoadSet)
                  200126d0    0000002a                 : timer.obj (.text:TimerPrescaleSet)
                  200126fa    00000028                 : i2c.obj (.text:I2CFIFODataPutNonBlocking)
                  20012722    00000002     --HOLE-- [fill = 0]
                  20012724    00000028                 : prcm.obj (.text:PRCMPeripheralClkDisable)
                  2001274c    00000028     drivers_cc32xx.a : PowerCC32XX.oem4 (.text:Power_registerNotify)
                  20012774    00000028     rtsv7M4_T_le_eabi.lib : memory.c.obj (.text:free_list_insert)
                  2001279c    00000028                           : lseek.c.obj (.text:lseek)
                  200127c4    00000028                           : write.c.obj (.text:write)
                  200127ec    00000026     driverlib.a : i2c.obj (.text:I2CFIFODataGetNonBlocking)
                  20012812    00000026     drivers_cc32xx.a : I2C.oem4 (.text:I2C_cancel)
                  20012838    00000026                      : List.oem4 (.text:List_put)
                  2001285e    00000026                      : List.oem4 (.text:List_remove)
                  20012884    00000024     nortos_cc32xx.a : HwiPCC32XX_nortos.oem4 (.text:HwiP_dispatch)
                  200128a8    00000024     drivers_cc32xx.a : PowerCC32XX.oem4 (.text:PowerCC32XX_reset)
                  200128cc    00000024     rtsv7M4_T_le_eabi.lib : boot_cortex_m.c.obj (.text:_c_int00_noargs:_c_int00_noargs)
                  200128f0    00000022     driverlib.a : i2c.obj (.text:I2CMasterSlaveAddrSet)
                  20012912    00000020     nortos_cc32xx.a : HwiPCC32XX_nortos.oem4 (.text:HwiP_destruct)
                  20012932    00000002     --HOLE-- [fill = 0]
                  20012934    00000020     drivers_cc32xx.a : PowerCC32XX.oem4 (.text:Power_unregisterNotify)
                  20012954    00000020                      : RingBuf.oem4 (.text:RingBuf_peek)
                  20012974    00000020                      : UARTCC32XX.oem4 (.text:getPowerMgrId)
                  20012994    00000020     rtsv7M4_T_le_eabi.lib : memchr.c.obj (.text:memchr)
                  200129b4    0000001e     driverlib.a : i2c.obj (.text:I2CMasterIntStatusEx)
                  200129d2    0000001e     nortos_cc32xx.a : SemaphoreP_nortos.oem4 (.text:SemaphoreP_constructBinary)
                  200129f0    0000001e     driverlib.a : timer.obj (.text:TimerDisable)
                  20012a0e    0000001e                 : timer.obj (.text:TimerEnable)
                  20012a2c    0000001c                 : pin.obj (.text:PinToPadGet)
                  20012a48    0000001c     nortos_cc32xx.a : SwiP_nortos.oem4 (.text:SwiP_disable)
                  20012a64    0000001c     rtsv7M4_T_le_eabi.lib : memory.c.obj (.text:free_list_remove)
                  20012a80    0000001c                           : memccpy.c.obj (.text:memccpy)
                  20012a9c    0000001a     nortos_cc32xx.a : ClockPSysTick_nortos.oem4 (.text:ClockP_create)
                  20012ab6    0000001a                     : SemaphoreP_nortos.oem4 (.text:SemaphoreP_createBinary)
                  20012ad0    0000001a                     : startup_cc32xx_ccs.oem4 (.text:resetISR)
                  20012aea    00000018     driverlib.a : i2c.obj (.text:I2CMasterBusBusy)
                  20012b02    00000018                 : i2c.obj (.text:I2CMasterIntDisableEx)
                  20012b1a    00000018                 : i2c.obj (.text:I2CMasterIntEnableEx)
                  20012b32    00000018                 : i2c.obj (.text:I2CRxFIFOFlush)
                  20012b4a    00000018                 : i2c.obj (.text:I2CTxFIFOFlush)
                  20012b62    00000002     --HOLE-- [fill = 0]
                  20012b64    00000018     drivers_cc32xx.a : PowerCC32XX.oem4 (.text:Power_getTransitionLatency)
                  20012b7c    00000018                      : PowerCC32XX.oem4 (.text:Power_idleFunc)
                  20012b94    00000018                      : TimerCC32XX.oem4 (.text:TimerCC32XX_getCount)
                  20012bac    00000018     driverlib.a : timer.obj (.text:TimerIntDisable)
                  20012bc4    00000018                 : timer.obj (.text:TimerIntEnable)
                  20012bdc    00000018                 : uart.obj (.text:UARTBusy)
                  20012bf4    00000018                 : uart.obj (.text:UARTIntEnable)
                  20012c0c    00000018     drivers_cc32xx.a : UART.oem4 (.text:UART_Params_init)
                  20012c24    00000018     rtsv7M4_T_le_eabi.lib : snprintf.c.obj (.text:_outc)
                  20012c3c    00000018     gpiointerrupt.obj (.text:gpioButtonFxn0)
                  20012c54    00000018     gpiointerrupt.obj (.text:gpioButtonFxn1)
                  20012c6c    00000018     rtsv7M4_T_le_eabi.lib : ll_mul_t2.asm.obj (.text)
                  20012c84    00000018                           : strcmp.c.obj (.text:strcmp)
                  20012c9c    00000016     driverlib.a : i2c.obj (.text:I2CMasterBurstLengthSet)
                  20012cb2    00000016                 : prcm.obj (.text:PRCMHIBRegRead)
                  20012cc8    00000016                 : prcm.obj (.text:PRCMHIBRegWrite)
                  20012cde    00000016     nortos_cc32xx.a : SemaphoreP_nortos.oem4 (.text:SemaphoreP_create)
                  20012cf4    00000016     rtsv7M4_T_le_eabi.lib : strchr.c.obj (.text:strchr)
                  20012d0a    00000014     driverlib.a : cpu.obj (.text:CPUcpsid)
                  20012d1e    00000002     --HOLE-- [fill = 0]
                  20012d20    00000014     nortos_cc32xx.a : HwiPCC32XX_nortos.oem4 (.text:HwiP_inISR)
                  20012d34    00000014     drivers_cc32xx.a : I2CCC32XX.oem4 (.text:I2CSupport_masterFinish)
                  20012d48    00000014                      : I2C.oem4 (.text:I2C_transfer)
                  20012d5c    00000014     driverlib.a : interrupt.obj (.text:IntVTableBaseSet)
                  20012d70    00000014     drivers_cc32xx.a : PowerCC32XX.oem4 (.text:Power_disablePolicy)
                  20012d84    00000014                      : PowerCC32XX.oem4 (.text:Power_getDependencyCount)
                  20012d98    00000014                      : UARTCC32XX.oem4 (.text:releasePowerConstraint)
                  20012dac    00000014     rtsv7M4_T_le_eabi.lib : strcpy.c.obj (.text:strcpy)
                  20012dc0    00000014                           : strlen.c.obj (.text:strlen)
                  20012dd4    00000012     nortos_cc32xx.a : HwiPCC32XX_nortos.oem4 (.text:HwiP_Params_init)
                  20012de6    00000012     driverlib.a : i2c.obj (.text:I2CMasterIntClearEx)
                  20012df8    00000012     drivers_cc32xx.a : RingBuf.oem4 (.text:RingBuf_construct)
                  20012e0a    00000012     driverlib.a : timer.obj (.text:TimerIntClear)
                  20012e1c    00000012     main_nortos.obj (.text:main)
                  20012e2e    00000012     rtsv7M4_T_le_eabi.lib : wcslen.c.obj (.text:wcslen)
                  20012e40    00000010     ti_drivers_config.obj (.text:Board_init)
                  20012e50    00000010     nortos_cc32xx.a : ClockPSysTick_nortos.oem4 (.text:ClockP_add)
                  20012e60    00000010                     : ClockPSysTick_nortos.oem4 (.text:ClockP_delete)
                  20012e70    00000010                     : ClockPSysTick_nortos.oem4 (.text:ClockP_getCpuFreq)
                  20012e80    00000010                     : ClockPSysTick_nortos.oem4 (.text:ClockP_getSystemTicks)
                  20012e90    00000010                     : ClockPSysTick_nortos.oem4 (.text:ClockP_setTicks)
                  20012ea0    00000010                     : HwiPCC32XX_nortos.oem4 (.text:HwiP_delete)
                  20012eb0    00000010                     : HwiPCC32XX_nortos.oem4 (.text:HwiP_restore)
                  20012ec0    00000010     driverlib.a : i2c.obj (.text:I2CFIFOStatus)
                  20012ed0    00000010     drivers_cc32xx.a : I2C.oem4 (.text:I2C_Params_init)
                  20012ee0    00000010                      : PowerCC32XX.oem4 (.text:Power_enablePolicy)
                  20012ef0    00000010     nortos_cc32xx.a : SemaphoreP_nortos.oem4 (.text:SemaphoreP_Params_init)
                  20012f00    00000010     drivers_cc32xx.a : Timer.oem4 (.text:Timer_Params_init)
                  20012f10    00000010                      : UARTCC32XX.oem4 (.text:readBlockingTimeout)
                  20012f20    0000000e     nortos_cc32xx.a : HwiPCC32XX_nortos.oem4 (.text:HwiP_clearInterrupt)
                  20012f2e    0000000e                     : HwiPCC32XX_nortos.oem4 (.text:HwiP_disable)
                  20012f3c    0000000e                     : HwiPCC32XX_nortos.oem4 (.text:HwiP_disableInterrupt)
                  20012f4a    0000000e                     : HwiPCC32XX_nortos.oem4 (.text:HwiP_enable)
                  20012f58    0000000e                     : HwiPCC32XX_nortos.oem4 (.text:HwiP_enableInterrupt)
                  20012f66    0000000e     drivers_cc32xx.a : I2CCC32XX.oem4 (.text:I2CCC32XX_updateReg)
                  20012f74    0000000e                      : RingBuf.oem4 (.text:RingBuf_isFull)
                  20012f82    0000000e     rtsv7M4_T_le_eabi.lib : copy_decompress_none.c.obj (.text:decompress:none:__TI_decompress_none)
                  20012f90    0000000c     drivers_cc32xx.a : I2CCC32XX.oem4 (.text:I2CCC32XX_postNotify)
                  20012f9c    0000000c                      : PowerCC32XX.oem4 (.text:Power_getConstraintMask)
                  20012fa8    0000000c     rtsv7M4_T_le_eabi.lib : s_copysign.c.obj (.text:copysign)
                  20012fb4    0000000c                           : copy_zero_init.c.obj (.text:decompress:ZI:__TI_zero_init)
                  20012fc0    0000000c     drivers_cc32xx.a : TimerCC32XX.oem4 (.text:postNotifyFxn)
                  20012fcc    0000000c                      : UARTCC32XX.oem4 (.text:postNotifyFxn)
                  20012fd8    0000000a     nortos_cc32xx.a : ClockPSysTick_nortos.oem4 (.text:ClockP_Params_init)
                  20012fe2    0000000a                     : ClockPSysTick_nortos.oem4 (.text:ClockP_isActive)
                  20012fec    0000000a     driverlib.a : interrupt.obj (.text:IntMasterDisable)
                  20012ff6    0000000a     drivers_cc32xx.a : Timer.oem4 (.text:Timer_start)
                  20013000    0000000a                      : UART.oem4 (.text:UART_write)
                  2001300a    00000008                      : I2CCC32XX.oem4 (.text:I2CCC32XX_blockingCallback)
                  20013012    00000002     --HOLE-- [fill = 0]
                  20013014    00000008     rtsv7M4_T_le_eabi.lib : errno.c.obj (.text:__aeabi_errno_addr)
                  2001301c    00000008                           : memory.c.obj (.text:malloc)
                  20013024    00000008     drivers_cc32xx.a : UARTCC32XX.oem4 (.text:readSemCallback)
                  2001302c    00000008                      : UARTCC32XX.oem4 (.text:writeSemCallback)
                  20013034    00000006                      : I2CCC32XX.oem4 (.text:I2CSupport_powerRelConstraint)
                  2001303a    00000006                      : I2CCC32XX.oem4 (.text:I2CSupport_powerSetConstraint)
                  20013040    00000006                      : TimerCC32XX.oem4 (.text:TimerCC32XX_control)
                  20013046    00000006     driverlib.a : utils.obj (.text:UtilsDelay)
                  2001304c    00000004     nortos_cc32xx.a : ClockPSysTick_nortos.oem4 (.text:ClockP_setTimeout)
                  20013050    00000004                     : HwiPCC32XX_nortos.oem4 (.text:HwiP_post)
                  20013054    00000004                     : SemaphoreP_nortos.oem4 (.text:SemaphoreP_delete)
                  20013058    00000004     rtsv7M4_T_le_eabi.lib : printf.c.obj (.text:_outc)
                  2001305c    00000004                           : printf.c.obj (.text:_outs)
                  20013060    00000004                           : pre_init.c.obj (.text:_system_pre_init)
                  20013064    00000004                           : exit.c.obj (.text:abort:abort)

.const     0    20013de4    0000051a     
                  20013de4    00000101     rtsv7M4_T_le_eabi.lib : ctype.c.obj (.const:.string:_ctypes_)
                  20013ee5    00000003     --HOLE-- [fill = 0]
                  20013ee8    00000100     driverlib.a : pin.obj (.const:g_ulPinToPadMap)
                  20013fe8    000000a8                 : prcm.obj (.const:PRCM_PeriphRegsList)
                  20014090    00000044     ti_drivers_config.obj (.const:PowerCC32XX_config)
                  200140d4    00000028     drivers_cc32xx.a : UARTCC32XX.oem4 (.const:UARTCC32XX_fxnTable)
                  200140fc    00000024                      : UART.oem4 (.const:UART_defaultParams)
                  20014120    00000024     ti_drivers_config.obj (.const:uartCC32XXHWAttrs0)
                  20014144    00000021     drivers_cc32xx.a : GPIOCC32XX.oem4 (.const:.string:pinTable)
                  20014165    00000003     --HOLE-- [fill = 0]
                  20014168    00000020                      : TimerCC32XX.oem4 (.const:TimerCC32XX_fxnTable)
                  20014188    00000020                      : UARTCC32XX.oem4 (.const:staticFxnTable)
                  200141a8    00000018     driverlib.a : interrupt.obj (.const:g_pulEnRegs)
                  200141c0    00000018                 : interrupt.obj (.const:g_pulPendRegs)
                  200141d8    00000018     gpiointerrupt.obj (.const:sensors)
                  200141f0    00000014     ti_drivers_config.obj (.const:GPIOCC32XX_config)
                  20014204    00000014     drivers_cc32xx.a : GPIOCC32XX.oem4 (.const:gpioBaseAddresses)
                  20014218    00000014     ti_drivers_config.obj (.const:i2cCC32XXHWAttrs)
                  2001422c    00000014     drivers_cc32xx.a : UARTCC32XX.oem4 (.const:parityType)
                  20014240    00000014                      : GPIOCC32XX.oem4 (.const:powerResources)
                  20014254    00000010                      : I2C.oem4 (.const:I2C_defaultParams)
                  20014264    00000010                      : I2CCC32XX.oem4 (.const:I2C_defaultParams)
                  20014274    00000010                      : UARTCC32XX.oem4 (.const:dataLength)
                  20014284    00000010     ti_drivers_config.obj (.const:timerCC32XXHWAttrs)
                  20014294    0000000c     gpiointerrupt.obj (.const:.string)
                  200142a0    0000000c     ti_drivers_config.obj (.const:Timer_config)
                  200142ac    0000000c     ti_drivers_config.obj (.const:UART_config)
                  200142b8    0000000c     drivers_cc32xx.a : Timer.oem4 (.const:defaultParams)
                  200142c4    00000009     ti_drivers_config.obj (.const)
                  200142cd    00000003     --HOLE-- [fill = 0]
                  200142d0    00000008     ti_drivers_config.obj (.const:I2C_config)
                  200142d8    00000008     drivers_cc32xx.a : GPIOCC32XX.oem4 (.const:outPinTypes)
                  200142e0    00000008                      : UARTCC32XX.oem4 (.const:stopBits)
                  200142e8    00000006                      : GPIOCC32XX.oem4 (.const:.string:interruptType)
                  200142ee    00000006                      : GPIOCC32XX.oem4 (.const:inPinTypes)
                  200142f4    00000006                      : GPIOCC32XX.oem4 (.const:outPinStrengths)
                  200142fa    00000004                      : GPIOCC32XX.oem4 (.const:.string:portInterruptIds)

.cinit     0    20014300    00000170     
                  20014300    00000145     (.cinit..data.load) [load image, compression = lzss]
                  20014445    00000003     --HOLE-- [fill = 0]
                  20014448    0000000c     (__TI_handler_table)
                  20014454    00000004     --HOLE-- [fill = 0]
                  20014458    00000008     (.cinit..bss.load) [load image, compression = zero_init]
                  20014460    00000010     (__TI_cinit_table)

.init_array 
*          0    20004000    00000000     UNINITIALIZED

.ramVecs   0    20000000    0000030c     NOLOAD SECTION
                  20000000    0000030c     nortos_cc32xx.a : startup_cc32xx_ccs.oem4 (.ramVecs)

.stack     0    20003000    00001000     UNINITIALIZED
                  20003000    00000004     rtsv7M4_T_le_eabi.lib : boot_cortex_m.c.obj (.stack)
                  20003004    00000ffc     --HOLE--

.resetVecs 
*          0    20004000    00000040     
                  20004000    00000040     nortos_cc32xx.a : startup_cc32xx_ccs.oem4 (.resetVecs:retain)

.sysmem    0    20004040    00008000     UNINITIALIZED
                  20004040    00000010     rtsv7M4_T_le_eabi.lib : memory.c.obj (.sysmem)
                  20004050    00007ff0     --HOLE--

.data      0    20013068    000007e0     UNINITIALIZED
                  20013068    0000030c     nortos_cc32xx.a : HwiPCC32XX_nortos.oem4 (.data:HwiP_dispatchTable)
                  20013374    0000016c     drivers_cc32xx.a : PowerCC32XX.oem4 (.data:PowerCC32XX_module)
                  200134e0    000000f8     ti_drivers_config.obj (.data:parkInfo)
                  200135d8    000000f0     rtsv7M4_T_le_eabi.lib : defs.c.obj (.data:_ftable)
                  200136c8    00000078                           : host_device.c.obj (.data:_device)
                  20013740    00000050                           : host_device.c.obj (.data:_stream)
                  20013790    00000030     gpiointerrupt.obj (.data:tasks)
                  200137c0    0000001c     gpiointerrupt.obj (.data)
                  200137dc    00000010     rtsv7M4_T_le_eabi.lib : defs.c.obj (.data)
                  200137ec    0000000c                           : exit.c.obj (.data:$O1$$)
                  200137f8    0000000c     ti_drivers_config.obj (.data:gpioCallbackFunctions)
                  20013804    0000000c     ti_drivers_config.obj (.data:gpioPinConfigs)
                  20013810    00000009     drivers_cc32xx.a : GPIOCC32XX.oem4 (.data)
                  20013819    00000003     nortos_cc32xx.a : SemaphoreP_nortos.oem4 (.data)
                  2001381c    00000008     rtsv7M4_T_le_eabi.lib : _lock.c.obj (.data:$O1$$)
                  20013824    00000008                           : memory.c.obj (.data:$O1$$)
                  2001382c    00000008     nortos_cc32xx.a : SemaphoreP_nortos.oem4 (.data:SemaphoreP_defaultParams)
                  20013834    00000008                     : HwiPCC32XX_nortos.oem4 (.data)
                  2001383c    00000005                     : ClockPSysTick_nortos.oem4 (.data)
                  20013841    00000001     drivers_cc32xx.a : Timer.oem4 (.data)
                  20013842    00000001                      : UART.oem4 (.data)
                  20013843    00000001     --HOLE--
                  20013844    00000004     rtsv7M4_T_le_eabi.lib : errno.c.obj (.data)

.bss       0    20013848    0000059c     UNINITIALIZED
                  20013848    0000012c     (.common:PowerCC32XX_contextSave)
                  20013974    00000120     rtsv7M4_T_le_eabi.lib : trgmsg.c.obj (.bss:_CIOBUF_)
                  20013a94    000000fc     (.common:i2cCC32XXObjects)
                  20013b90    000000a0     (.common:__TI_tmpnams)
                  20013c30    00000084     (.common:uartCC32XXObjects0)
                  20013cb4    00000040     (.common:output)
                  20013cf4    00000034     (.common:timerCC32XXObjects)
                  20013d28    00000020     drivers_cc32xx.a : GPIOCC32XX.oem4 (.bss:gpioCallbackInfo)
                  20013d48    00000020     ti_drivers_config.obj (.bss:uartCC32XXRingBuffer0)
                  20013d68    00000020     (.common:i2cTransaction)
                  20013d88    00000014     drivers_cc32xx.a : GPIOCC32XX.oem4 (.bss:powerNotifyObj)
                  20013d9c    00000004                      : GPIOCC32XX.oem4 (.bss)
                  20013da0    00000010     (.common:ClockP_ctrl)
                  20013db0    0000000d     nortos_cc32xx.a : SwiP_nortos.oem4 (.bss)
                  20013dbd    00000008     (.common:parmbuf)
                  20013dc5    00000001     --HOLE--
                  20013dc6    00000002     (.common:temp)
                  20013dc8    00000004                     : ClockPSysTick_nortos.oem4 (.bss)
                  20013dcc    00000004     drivers_cc32xx.a : TimerCC32XX.oem4 (.bss:timerState)
                  20013dd0    00000004     (.common:i2c)
                  20013dd4    00000004     (.common:rxBuffer)
                  20013dd8    00000004     (.common:timer0)
                  20013ddc    00000004     (.common:txBuffer)
                  20013de0    00000004     (.common:uart)

.log_data 
*          0    90000000    00000000     COPY SECTION

__llvm_prf_cnts 
*          0    20004000    00000000     UNINITIALIZED

MODULE SUMMARY

       Module                       code    ro data   rw data
       ------                       ----    -------   -------
    .\
       gpiointerrupt.obj            1748    36        194    
       main_nortos.obj              18      0         0      
    +--+----------------------------+-------+---------+---------+
       Total:                       1766    36        194    
                                                             
    .\syscfg\
       ti_drivers_config.obj        18      201       740    
    +--+----------------------------+-------+---------+---------+
       Total:                       18      201       740    
                                                             
    C:/ti/simplelink_cc32xx_sdk_4_30_00_06/kernel/nortos/lib/ccs/m4/nortos_cc32xx.a
       HwiPCC32XX_nortos.oem4       394     0         788    
       startup_cc32xx_ccs.oem4      90      64        780    
       ClockPSysTick_nortos.oem4    702     0         25     
       PowerCC32XX_nortos.oem4      472     0         0      
       SemaphoreP_nortos.oem4       408     0         11     
       SwiP_nortos.oem4             96      0         13     
    +--+----------------------------+-------+---------+---------+
       Total:                       2162    64        1617   
                                                             
    C:/ti/simplelink_cc32xx_sdk_4_30_00_06/source/ti/devices/cc32xx/driverlib/ccs/Release/driverlib.a
       prcm.obj                     1604    168       0      
       pin.obj                      280     256       0      
       interrupt.obj                334     48        0      
       i2c.obj                      318     0         0      
       timer.obj                    264     0         0      
       flash.obj                    72      0         0      
       uart.obj                     48      0         0      
       cpu.obj                      20      0         0      
       utils.obj                    6       0         0      
    +--+----------------------------+-------+---------+---------+
       Total:                       2946    472       0      
                                                             
    C:/ti/simplelink_cc32xx_sdk_4_30_00_06/source/ti/drivers/lib/ccs/m4/drivers_cc32xx.a
       UARTCC32XX.oem4              3466    116       0      
       PowerCC32XX.oem4             2432    0         664    
       I2CCC32XX.oem4               1452    16        0      
       GPIOCC32XX.oem4              1208    103       65     
       TimerCC32XX.oem4             1132    32        4      
       I2C.oem4                     366     16        0      
       UART.oem4                    166     36        1      
       RingBuf.oem4                 198     0         0      
       Timer.oem4                   158     12        1      
       PowerCC32XX_asm.oem4         150     0         0      
       List.oem4                    76      0         0      
    +--+----------------------------+-------+---------+---------+
       Total:                       10804   331       735    
                                                             
    C:\ti\ccs1210\ccs\tools\compiler\ti-cgt-arm_20.2.7.LTS\lib\rtsv7M4_T_le_eabi.lib
       _printfi.c.obj               4835    0         0      
       memory.c.obj                 672     0         8      
       fd_add_t2.asm.obj            438     0         0      
       defs.c.obj                   0       0         416    
       trgmsg.c.obj                 108     0         288    
       fd_div_t2.asm.obj            310     0         0      
       fputs.c.obj                  276     0         0      
       fd_cmp_t2.asm.obj            268     0         0      
       ctype.c.obj                  0       257       0      
       fd_mul_t2.asm.obj            252     0         0      
       setvbuf.c.obj                220     0         0      
       s_scalbn.c.obj               208     0         0      
       host_device.c.obj            0       0         200    
       memcpy_t2.asm.obj            156     0         0      
       ull_div_t2.asm.obj           150     0         0      
       snprintf.c.obj               148     0         0      
       fputc.c.obj                  140     0         0      
       fs_mul_t2.asm.obj            122     0         0      
       memset_t2.asm.obj            122     0         0      
       fclose.c.obj                 116     0         0      
       getdevice.c.obj              116     0         0      
       printf.c.obj                 112     0         0      
       hostrename.c.obj             108     0         0      
       copy_decompress_lzss.c.obj   104     0         0      
       hostlseek.c.obj              104     0         0      
       hostopen.c.obj               96      0         8      
       fseek.c.obj                  100     0         0      
       _io_perm.c.obj               98      0         0      
       close.c.obj                  92      0         0      
       s_frexp.c.obj                92      0         0      
       exit.c.obj                   76      0         12     
       hostread.c.obj               88      0         0      
       hostwrite.c.obj              88      0         0      
       _ltoa.c.obj                  84      0         0      
       atoi.c.obj                   76      0         0      
       fflush.c.obj                 76      0         0      
       fd_toi_t2.asm.obj            72      0         0      
       autoinit.c.obj               68      0         0      
       hostclose.c.obj              68      0         0      
       hostunlink.c.obj             68      0         0      
       fs_toi_t2.asm.obj            56      0         0      
       i_tofs_t2.asm.obj            56      0         0      
       strncpy.c.obj                54      0         0      
       fopen.c.obj                  52      0         0      
       i_tofd_t2.asm.obj            46      0         0      
       unlink.c.obj                 44      0         0      
       lseek.c.obj                  40      0         0      
       write.c.obj                  40      0         0      
       boot_cortex_m.c.obj          36      0         0      
       memchr.c.obj                 32      0         0      
       memccpy.c.obj                28      0         0      
       ll_mul_t2.asm.obj            24      0         0      
       strcmp.c.obj                 24      0         0      
       strchr.c.obj                 22      0         0      
       strcpy.c.obj                 20      0         0      
       strlen.c.obj                 20      0         0      
       wcslen.c.obj                 18      0         0      
       copy_decompress_none.c.obj   14      0         0      
       copy_zero_init.c.obj         12      0         0      
       errno.c.obj                  8       0         4      
       s_copysign.c.obj             12      0         0      
       _lock.c.obj                  2       0         8      
       pre_init.c.obj               4       0         0      
       div0.asm.obj                 2       0         0      
    +--+----------------------------+-------+---------+---------+
       Total:                       10993   257       944    
                                                             
       Heap:                        0       0         32768  
       Stack:                       0       0         4096   
       Linker Generated:            0       361       0      
    +--+----------------------------+-------+---------+---------+
       Grand Total:                 28689   1722      41094  


LINKER GENERATED COPY TABLES

__TI_cinit_table @ 20014460 records: 2, size/record: 8, table size: 16
	.data: load addr=20014300, load size=00000145 bytes, run addr=20013068, run size=000007e0 bytes, compression=lzss
	.bss: load addr=20014458, load size=00000008 bytes, run addr=20013848, run size=0000059c bytes, compression=zero_init


LINKER GENERATED HANDLER TABLE

__TI_handler_table @ 20014448 records: 3, size/record: 4, table size: 12
	index: 0, handler: __TI_decompress_lzss
	index: 1, handler: __TI_decompress_none
	index: 2, handler: __TI_zero_init


GLOBAL SYMBOLS: SORTED ALPHABETICALLY BY Name 

address   name                             
-------   ----                             
20012e41  Board_init                       
2000ca8f  Board_initHook                   
20013065  C$$EXIT                          
200121cf  C$$IO$$                          
200142c4  CONFIG_GPIO_BUTTON_0_CONST       
200142c5  CONFIG_GPIO_BUTTON_1_CONST       
200142c6  CONFIG_GPIO_LED_0_CONST          
200142c7  CONFIG_I2C_0_CONST               
200142c9  CONFIG_TIMER_0_CONST             
200142cb  CONFIG_UART_0_CONST              
20012d0b  CPUcpsid                         
20012fd9  ClockP_Params_init               
20012e51  ClockP_add                       
20011e85  ClockP_construct                 
20012a9d  ClockP_create                    
20013da0  ClockP_ctrl                      
20012e61  ClockP_delete                    
20012045  ClockP_destruct                  
20011615  ClockP_doTick                    
20012e71  ClockP_getCpuFreq                
20012e81  ClockP_getSystemTicks            
20012395  ClockP_getTicksUntilInterrupt    
20012fe3  ClockP_isActive                  
20012e91  ClockP_setTicks                  
2001304d  ClockP_setTimeout                
20012535  ClockP_start                     
200123c9  ClockP_startup                   
20011b55  ClockP_stop                      
20011615  ClockP_sysTickHandler            
2001383c  ClockP_tickPeriod                
20011919  FlashDisable                     
200141f0  GPIOCC32XX_config                
20011705  GPIO_enableInt                   
20010781  GPIO_hwiIntFxn                   
2000f145  GPIO_init                        
2001104d  GPIO_setCallback                 
2000d5fd  GPIO_setConfig                   
200111bd  GPIO_write                       
20011b99  HOSTclose                        
20010c61  HOSTlseek                        
20010f8d  HOSTopen                         
20011215  HOSTread                         
20010ab1  HOSTrename                       
20011bdd  HOSTunlink                       
2001126d  HOSTwrite                        
20012dd5  HwiP_Params_init                 
20012f21  HwiP_clearInterrupt              
2000ffd5  HwiP_construct                   
2001267d  HwiP_create                      
20012ea1  HwiP_delete                      
20012913  HwiP_destruct                    
20012f2f  HwiP_disable                     
20012f3d  HwiP_disableInterrupt            
20012885  HwiP_dispatch                    
20012f4b  HwiP_enable                      
20012f59  HwiP_enableInterrupt             
20012d21  HwiP_inISR                       
20013834  HwiP_key                         
20013051  HwiP_post                        
20012eb1  HwiP_restore                     
20013838  HwiP_swiPIntNum                  
200127ed  I2CFIFODataGetNonBlocking        
200126fb  I2CFIFODataPutNonBlocking        
20012ec1  I2CFIFOStatus                    
20012c9d  I2CMasterBurstLengthSet          
20012aeb  I2CMasterBusBusy                 
20012de7  I2CMasterIntClearEx              
20012b03  I2CMasterIntDisableEx            
20012b1b  I2CMasterIntEnableEx             
200129b5  I2CMasterIntStatusEx             
200128f1  I2CMasterSlaveAddrSet            
20012b33  I2CRxFIFOFlush                   
20012d35  I2CSupport_masterFinish          
20013035  I2CSupport_powerRelConstraint    
2001303b  I2CSupport_powerSetConstraint    
20010bf5  I2CSupport_primeTransfer         
20012b4b  I2CTxFIFOFlush                   
20012ed1  I2C_Params_init                  
20012813  I2C_cancel                       
200142d0  I2C_config                       
200142c8  I2C_count                        
20014254  I2C_defaultParams                
2000db63  I2C_init                         
2000eafd  I2C_open                         
20012d49  I2C_transfer                     
2000e465  I2C_transferTimeout              
UNDEFED   ITM_flush                        
UNDEFED   ITM_restore                      
2000f911  IntEnable                        
20012fed  IntMasterDisable                 
200100ed  IntPendSet                       
20012d5d  IntVTableBaseSet                 
20012839  List_put                         
2001285f  List_remove                      
20012f4b  NoRTOS_start                     
2000ca91  PRCMCC3200MCUInit                
20012cb3  PRCMHIBRegRead                   
20012cc9  PRCMHIBRegWrite                  
20011961  PRCMLPDSEnter                    
20012131  PRCMLPDSEnterKeepDebugIf         
20011c21  PRCMLPDSRestoreInfoSet           
20012725  PRCMPeripheralClkDisable         
200119a9  PRCMPeripheralClkEnable          
200112c5  PRCMPeripheralReset              
20010fed  PRCMSysResetCauseGet             
20010175  PinConfigSet                     
200123fd  PinModeGet                       
20011ec5  PinModeSet                       
20012a2d  PinToPadGet                      
20014090  PowerCC32XX_config               
2000f9b9  PowerCC32XX_configureWakeup      
20013848  PowerCC32XX_contextSave          
20011c65  PowerCC32XX_enterLPDS            
20012625  PowerCC32XX_getParkState         
2000e33b  PowerCC32XX_initPolicy           
20013374  PowerCC32XX_module               
2001179d  PowerCC32XX_parkPin              
200128a9  PowerCC32XX_reset                
20012431  PowerCC32XX_restoreParkState     
20012565  PowerCC32XX_restoreParkedPin     
2001151d  PowerCC32XX_resumeLPDS           
20010e01  PowerCC32XX_setParkState         
2000db65  PowerCC32XX_sleepPolicy          
20012d71  Power_disablePolicy              
20012ee1  Power_enablePolicy               
20012f9d  Power_getConstraintMask          
20012d85  Power_getDependencyCount         
20012b65  Power_getTransitionLatency       
20012b7d  Power_idleFunc                   
20010391  Power_init                       
2001274d  Power_registerNotify             
200119f1  Power_releaseConstraint          
2001131d  Power_releaseDependency          
20012081  Power_setConstraint              
20010499  Power_setDependency              
2000e0cd  Power_sleep                      
20012935  Power_unregisterNotify           
20012df9  RingBuf_construct                
20011f05  RingBuf_get                      
20012f75  RingBuf_isFull                   
20012955  RingBuf_peek                     
20011ac9  RingBuf_put                      
20012ef1  SemaphoreP_Params_init           
20011665  SemaphoreP_construct             
200129d3  SemaphoreP_constructBinary       
20012cdf  SemaphoreP_create                
20012ab7  SemaphoreP_createBinary          
2001382c  SemaphoreP_defaultParams         
20013055  SemaphoreP_delete                
2000fba5  SemaphoreP_pend                  
20011ca9  SemaphoreP_post                  
20012a49  SwiP_disable                     
20011ced  SwiP_restore                     
200116b5  TimerCC32XX_allocateTimerResource
200120bd  TimerCC32XX_close                
20013041  TimerCC32XX_control              
20012465  TimerCC32XX_freeTimerResource    
20014168  TimerCC32XX_fxnTable             
20012b95  TimerCC32XX_getCount             
2000e587  TimerCC32XX_init                 
2000e33d  TimerCC32XX_open                 
200101fd  TimerCC32XX_setPeriod            
200107f9  TimerCC32XX_start                
20011375  TimerCC32XX_stop                 
200122f1  TimerControlStall                
200129f1  TimerDisable                     
20012a0f  TimerEnable                      
200137cc  TimerFlag                        
20012e0b  TimerIntClear                    
20012bad  TimerIntDisable                  
20012bc5  TimerIntEnable                   
200126a7  TimerLoadSet                     
200126d1  TimerPrescaleSet                 
20012f01  Timer_Params_init                
200142a0  Timer_config                     
200142ca  Timer_count                      
20011d31  Timer_init                       
20011f45  Timer_open                       
20012ff7  Timer_start                      
20012bdd  UARTBusy                         
2000e589  UARTCC32XX_close                 
2000ecf5  UARTCC32XX_control               
200140d4  UARTCC32XX_fxnTable              
2000ede7  UARTCC32XX_init                  
2000cebd  UARTCC32XX_open                  
20011f85  UARTCC32XX_read                  
20012327  UARTCC32XX_readCancel            
2000f2c9  UARTCC32XX_readPolling           
2000f079  UARTCC32XX_write                 
20010d99  UARTCC32XX_writeCancel           
20010ec9  UARTCC32XX_writePolling          
20012bf5  UARTIntEnable                    
20012c0d  UART_Params_init                 
200142ac  UART_config                      
200142cc  UART_count                       
200140fc  UART_defaultParams               
20011d75  UART_init                        
20011fc5  UART_open                        
20013001  UART_write                       
20013047  UtilsDelay                       
20013974  __CIOBUF_                        
20004000  __STACK_END                      
00001000  __STACK_SIZE                     
00008000  __SYSMEM_SIZE                    
20014460  __TI_CINIT_Base                  
20014470  __TI_CINIT_Limit                 
20014448  __TI_Handler_Table_Base          
20014454  __TI_Handler_Table_Limit         
20011db9  __TI_auto_init_nobinit_nopinit   
20012499  __TI_cleanup                     
200137ec  __TI_cleanup_ptr                 
2001095d  __TI_closefile                   
20010cc9  __TI_decompress_lzss             
20012f83  __TI_decompress_none             
200117e9  __TI_doflush                     
200137f0  __TI_dtors_ptr                   
200137f4  __TI_enable_exit_profile_output  
200137dc  __TI_ft_end                      
20011421  __TI_ltoa                        
ffffffff  __TI_pprof_out_hndl              
2000c041  __TI_printfi                     
ffffffff  __TI_prof_data_size              
ffffffff  __TI_prof_data_start             
200124cd  __TI_readmsg                     
20014300  __TI_static_base__               
20013b90  __TI_tmpnams                     
200121a1  __TI_writemsg                    
20010f2b  __TI_wrt_ok                      
20012fb5  __TI_zero_init                   
20010285  __aeabi_cdcmpeq                  
20010285  __aeabi_cdcmple                  
2001030b  __aeabi_cdrcmple                 
20011a81  __aeabi_d2iz                     
2000d9b7  __aeabi_dadd                     
2000e205  __aeabi_ddiv                     
2000ebf9  __aeabi_dmul                     
2000d9ad  __aeabi_dsub                     
20013015  __aeabi_errno_addr               
20012281  __aeabi_f2iz                     
2001068b  __aeabi_fmul                     
200125f5  __aeabi_i2d                      
200122b9  __aeabi_i2f                      
20010aaf  __aeabi_idiv0                    
20010aaf  __aeabi_ldiv0                    
20012c6d  __aeabi_lmul                     
20010705  __aeabi_memclr                   
20010705  __aeabi_memclr4                  
20010705  __aeabi_memclr8                  
2000fce1  __aeabi_memcpy                   
2000fce1  __aeabi_memcpy4                  
2000fce1  __aeabi_memcpy8                  
20010707  __aeabi_memset                   
20010707  __aeabi_memset4                  
20010707  __aeabi_memset8                  
200137e8  __aeabi_stderr                   
200137e0  __aeabi_stdin                    
200137e4  __aeabi_stdout                   
2000fead  __aeabi_uldivmod                 
ffffffff  __binit__                        
ffffffff  __c_args__                       
UNDEFED   __mpu_init                       
20003000  __stack                          
20004000  __start___llvm_prf_cnts          
20004000  __stop___llvm_prf_cnts           
200128cd  _c_int00_noargs                  
20013de4  _ctypes_                         
200136c8  _device                          
200135d8  _ftable                          
2001381c  _lock                            
2000f143  _nop                             
20013740  _stream                          
20004040  _sys_memory                      
UNDEFED   _system_post_cinit               
20013061  _system_pre_init                 
20013820  _unlock                          
20013065  abort                            
2000e9fd  aligned_alloc                    
20011835  atoi                             
ffffffff  binit                            
200137c4  button0                          
200137c8  button1                          
2000f657  clkFxn                           
200110a9  close                            
20012fa9  copysign                         
20012fa9  copysignl                        
20013844  errno                            
20011a39  exit                             
200125c5  finddevice                       
20010061  fputc                            
2000e8e9  fputs                            
2000ede9  free                             
20011105  frexp                            
20011105  frexpl                           
20010e65  fseek                            
20011dfd  getdevice                        
200137d0  global_period                    
20012c3d  gpioButtonFxn0                   
20012c55  gpioButtonFxn1                   
200137f8  gpioCallbackFunctions            
20013804  gpioPinConfigs                   
200137d4  heat                             
20013dd0  i2c                              
20014218  i2cCC32XXHWAttrs                 
20013a94  i2cCC32XXObjects                 
20013d68  i2cTransaction                   
200142ee  inPinTypes                       
2000d3ad  initI2C                          
20011475  initTimer                        
20011e41  initUART                         
20012211  initVectors                      
2000efa9  ldexp                            
2000efa9  ldexpl                           
2001279d  lseek                            
20012e1d  main                             
2000f659  mainThread                       
2001301d  malloc                           
2000e9fd  memalign                         
20012a81  memccpy                          
20012995  memchr                           
2000fce1  memcpy                           
2001070d  memset                           
200142f4  outPinStrengths                  
200142d8  outPinTypes                      
20013cb4  output                           
200134e0  parkInfo                         
20013dbd  parmbuf                          
20010d31  printf                           
20010061  putc                             
2000e7c9  readTemp                         
20012651  remove                           
20012ad1  resetISR                         
20012ae4  resetVectorAddr                  
20004000  resetVectors                     
20013dd4  rxBuffer                         
2000efa9  scalbn                           
2000efa9  scalbnl                          
200137d8  seconds                          
200137c0  setPointTemp                     
2000eecd  setvbuf                          
200118cd  snprintf                         
20012cf5  strchr                           
20012c85  strcmp                           
20012dad  strcpy                           
20012dc1  strlen                           
2001235d  strncpy                          
2000fe15  task_one                         
20010b1d  task_three                       
20010b89  task_two                         
20013790  tasks                            
20013dc6  temp                             
20013dd8  timer0                           
20014284  timerCC32XXHWAttrs               
20013cf4  timerCC32XXObjects               
20010595  timerCallback                    
20013ddc  txBuffer                         
20013de0  uart                             
20013c30  uartCC32XXObjects0               
20012651  unlink                           
20012e2f  wcslen                           
200127c5  write                            


GLOBAL SYMBOLS: SORTED BY Symbol Address 

address   name                             
-------   ----                             
00001000  __STACK_SIZE                     
00008000  __SYSMEM_SIZE                    
20003000  __stack                          
20004000  __STACK_END                      
20004000  __start___llvm_prf_cnts          
20004000  __stop___llvm_prf_cnts           
20004000  resetVectors                     
20004040  _sys_memory                      
2000c041  __TI_printfi                     
2000ca8f  Board_initHook                   
2000ca91  PRCMCC3200MCUInit                
2000cebd  UARTCC32XX_open                  
2000d3ad  initI2C                          
2000d5fd  GPIO_setConfig                   
2000d9ad  __aeabi_dsub                     
2000d9b7  __aeabi_dadd                     
2000db63  I2C_init                         
2000db65  PowerCC32XX_sleepPolicy          
2000e0cd  Power_sleep                      
2000e205  __aeabi_ddiv                     
2000e33b  PowerCC32XX_initPolicy           
2000e33d  TimerCC32XX_open                 
2000e465  I2C_transferTimeout              
2000e587  TimerCC32XX_init                 
2000e589  UARTCC32XX_close                 
2000e7c9  readTemp                         
2000e8e9  fputs                            
2000e9fd  aligned_alloc                    
2000e9fd  memalign                         
2000eafd  I2C_open                         
2000ebf9  __aeabi_dmul                     
2000ecf5  UARTCC32XX_control               
2000ede7  UARTCC32XX_init                  
2000ede9  free                             
2000eecd  setvbuf                          
2000efa9  ldexp                            
2000efa9  ldexpl                           
2000efa9  scalbn                           
2000efa9  scalbnl                          
2000f079  UARTCC32XX_write                 
2000f143  _nop                             
2000f145  GPIO_init                        
2000f2c9  UARTCC32XX_readPolling           
2000f657  clkFxn                           
2000f659  mainThread                       
2000f911  IntEnable                        
2000f9b9  PowerCC32XX_configureWakeup      
2000fba5  SemaphoreP_pend                  
2000fce1  __aeabi_memcpy                   
2000fce1  __aeabi_memcpy4                  
2000fce1  __aeabi_memcpy8                  
2000fce1  memcpy                           
2000fe15  task_one                         
2000fead  __aeabi_uldivmod                 
2000ffd5  HwiP_construct                   
20010061  fputc                            
20010061  putc                             
200100ed  IntPendSet                       
20010175  PinConfigSet                     
200101fd  TimerCC32XX_setPeriod            
20010285  __aeabi_cdcmpeq                  
20010285  __aeabi_cdcmple                  
2001030b  __aeabi_cdrcmple                 
20010391  Power_init                       
20010499  Power_setDependency              
20010595  timerCallback                    
2001068b  __aeabi_fmul                     
20010705  __aeabi_memclr                   
20010705  __aeabi_memclr4                  
20010705  __aeabi_memclr8                  
20010707  __aeabi_memset                   
20010707  __aeabi_memset4                  
20010707  __aeabi_memset8                  
2001070d  memset                           
20010781  GPIO_hwiIntFxn                   
200107f9  TimerCC32XX_start                
2001095d  __TI_closefile                   
20010aaf  __aeabi_idiv0                    
20010aaf  __aeabi_ldiv0                    
20010ab1  HOSTrename                       
20010b1d  task_three                       
20010b89  task_two                         
20010bf5  I2CSupport_primeTransfer         
20010c61  HOSTlseek                        
20010cc9  __TI_decompress_lzss             
20010d31  printf                           
20010d99  UARTCC32XX_writeCancel           
20010e01  PowerCC32XX_setParkState         
20010e65  fseek                            
20010ec9  UARTCC32XX_writePolling          
20010f2b  __TI_wrt_ok                      
20010f8d  HOSTopen                         
20010fed  PRCMSysResetCauseGet             
2001104d  GPIO_setCallback                 
200110a9  close                            
20011105  frexp                            
20011105  frexpl                           
200111bd  GPIO_write                       
20011215  HOSTread                         
2001126d  HOSTwrite                        
200112c5  PRCMPeripheralReset              
2001131d  Power_releaseDependency          
20011375  TimerCC32XX_stop                 
20011421  __TI_ltoa                        
20011475  initTimer                        
2001151d  PowerCC32XX_resumeLPDS           
20011615  ClockP_doTick                    
20011615  ClockP_sysTickHandler            
20011665  SemaphoreP_construct             
200116b5  TimerCC32XX_allocateTimerResource
20011705  GPIO_enableInt                   
2001179d  PowerCC32XX_parkPin              
200117e9  __TI_doflush                     
20011835  atoi                             
200118cd  snprintf                         
20011919  FlashDisable                     
20011961  PRCMLPDSEnter                    
200119a9  PRCMPeripheralClkEnable          
200119f1  Power_releaseConstraint          
20011a39  exit                             
20011a81  __aeabi_d2iz                     
20011ac9  RingBuf_put                      
20011b55  ClockP_stop                      
20011b99  HOSTclose                        
20011bdd  HOSTunlink                       
20011c21  PRCMLPDSRestoreInfoSet           
20011c65  PowerCC32XX_enterLPDS            
20011ca9  SemaphoreP_post                  
20011ced  SwiP_restore                     
20011d31  Timer_init                       
20011d75  UART_init                        
20011db9  __TI_auto_init_nobinit_nopinit   
20011dfd  getdevice                        
20011e41  initUART                         
20011e85  ClockP_construct                 
20011ec5  PinModeSet                       
20011f05  RingBuf_get                      
20011f45  Timer_open                       
20011f85  UARTCC32XX_read                  
20011fc5  UART_open                        
20012045  ClockP_destruct                  
20012081  Power_setConstraint              
200120bd  TimerCC32XX_close                
20012131  PRCMLPDSEnterKeepDebugIf         
200121a1  __TI_writemsg                    
200121cf  C$$IO$$                          
20012211  initVectors                      
20012281  __aeabi_f2iz                     
200122b9  __aeabi_i2f                      
200122f1  TimerControlStall                
20012327  UARTCC32XX_readCancel            
2001235d  strncpy                          
20012395  ClockP_getTicksUntilInterrupt    
200123c9  ClockP_startup                   
200123fd  PinModeGet                       
20012431  PowerCC32XX_restoreParkState     
20012465  TimerCC32XX_freeTimerResource    
20012499  __TI_cleanup                     
200124cd  __TI_readmsg                     
20012535  ClockP_start                     
20012565  PowerCC32XX_restoreParkedPin     
200125c5  finddevice                       
200125f5  __aeabi_i2d                      
20012625  PowerCC32XX_getParkState         
20012651  remove                           
20012651  unlink                           
2001267d  HwiP_create                      
200126a7  TimerLoadSet                     
200126d1  TimerPrescaleSet                 
200126fb  I2CFIFODataPutNonBlocking        
20012725  PRCMPeripheralClkDisable         
2001274d  Power_registerNotify             
2001279d  lseek                            
200127c5  write                            
200127ed  I2CFIFODataGetNonBlocking        
20012813  I2C_cancel                       
20012839  List_put                         
2001285f  List_remove                      
20012885  HwiP_dispatch                    
200128a9  PowerCC32XX_reset                
200128cd  _c_int00_noargs                  
200128f1  I2CMasterSlaveAddrSet            
20012913  HwiP_destruct                    
20012935  Power_unregisterNotify           
20012955  RingBuf_peek                     
20012995  memchr                           
200129b5  I2CMasterIntStatusEx             
200129d3  SemaphoreP_constructBinary       
200129f1  TimerDisable                     
20012a0f  TimerEnable                      
20012a2d  PinToPadGet                      
20012a49  SwiP_disable                     
20012a81  memccpy                          
20012a9d  ClockP_create                    
20012ab7  SemaphoreP_createBinary          
20012ad1  resetISR                         
20012ae4  resetVectorAddr                  
20012aeb  I2CMasterBusBusy                 
20012b03  I2CMasterIntDisableEx            
20012b1b  I2CMasterIntEnableEx             
20012b33  I2CRxFIFOFlush                   
20012b4b  I2CTxFIFOFlush                   
20012b65  Power_getTransitionLatency       
20012b7d  Power_idleFunc                   
20012b95  TimerCC32XX_getCount             
20012bad  TimerIntDisable                  
20012bc5  TimerIntEnable                   
20012bdd  UARTBusy                         
20012bf5  UARTIntEnable                    
20012c0d  UART_Params_init                 
20012c3d  gpioButtonFxn0                   
20012c55  gpioButtonFxn1                   
20012c6d  __aeabi_lmul                     
20012c85  strcmp                           
20012c9d  I2CMasterBurstLengthSet          
20012cb3  PRCMHIBRegRead                   
20012cc9  PRCMHIBRegWrite                  
20012cdf  SemaphoreP_create                
20012cf5  strchr                           
20012d0b  CPUcpsid                         
20012d21  HwiP_inISR                       
20012d35  I2CSupport_masterFinish          
20012d49  I2C_transfer                     
20012d5d  IntVTableBaseSet                 
20012d71  Power_disablePolicy              
20012d85  Power_getDependencyCount         
20012dad  strcpy                           
20012dc1  strlen                           
20012dd5  HwiP_Params_init                 
20012de7  I2CMasterIntClearEx              
20012df9  RingBuf_construct                
20012e0b  TimerIntClear                    
20012e1d  main                             
20012e2f  wcslen                           
20012e41  Board_init                       
20012e51  ClockP_add                       
20012e61  ClockP_delete                    
20012e71  ClockP_getCpuFreq                
20012e81  ClockP_getSystemTicks            
20012e91  ClockP_setTicks                  
20012ea1  HwiP_delete                      
20012eb1  HwiP_restore                     
20012ec1  I2CFIFOStatus                    
20012ed1  I2C_Params_init                  
20012ee1  Power_enablePolicy               
20012ef1  SemaphoreP_Params_init           
20012f01  Timer_Params_init                
20012f21  HwiP_clearInterrupt              
20012f2f  HwiP_disable                     
20012f3d  HwiP_disableInterrupt            
20012f4b  HwiP_enable                      
20012f4b  NoRTOS_start                     
20012f59  HwiP_enableInterrupt             
20012f75  RingBuf_isFull                   
20012f83  __TI_decompress_none             
20012f9d  Power_getConstraintMask          
20012fa9  copysign                         
20012fa9  copysignl                        
20012fb5  __TI_zero_init                   
20012fd9  ClockP_Params_init               
20012fe3  ClockP_isActive                  
20012fed  IntMasterDisable                 
20012ff7  Timer_start                      
20013001  UART_write                       
20013015  __aeabi_errno_addr               
2001301d  malloc                           
20013035  I2CSupport_powerRelConstraint    
2001303b  I2CSupport_powerSetConstraint    
20013041  TimerCC32XX_control              
20013047  UtilsDelay                       
2001304d  ClockP_setTimeout                
20013051  HwiP_post                        
20013055  SemaphoreP_delete                
20013061  _system_pre_init                 
20013065  C$$EXIT                          
20013065  abort                            
20013374  PowerCC32XX_module               
200134e0  parkInfo                         
200135d8  _ftable                          
200136c8  _device                          
20013740  _stream                          
20013790  tasks                            
200137c0  setPointTemp                     
200137c4  button0                          
200137c8  button1                          
200137cc  TimerFlag                        
200137d0  global_period                    
200137d4  heat                             
200137d8  seconds                          
200137dc  __TI_ft_end                      
200137e0  __aeabi_stdin                    
200137e4  __aeabi_stdout                   
200137e8  __aeabi_stderr                   
200137ec  __TI_cleanup_ptr                 
200137f0  __TI_dtors_ptr                   
200137f4  __TI_enable_exit_profile_output  
200137f8  gpioCallbackFunctions            
20013804  gpioPinConfigs                   
2001381c  _lock                            
20013820  _unlock                          
2001382c  SemaphoreP_defaultParams         
20013834  HwiP_key                         
20013838  HwiP_swiPIntNum                  
2001383c  ClockP_tickPeriod                
20013844  errno                            
20013848  PowerCC32XX_contextSave          
20013974  __CIOBUF_                        
20013a94  i2cCC32XXObjects                 
20013b90  __TI_tmpnams                     
20013c30  uartCC32XXObjects0               
20013cb4  output                           
20013cf4  timerCC32XXObjects               
20013d68  i2cTransaction                   
20013da0  ClockP_ctrl                      
20013dbd  parmbuf                          
20013dc6  temp                             
20013dd0  i2c                              
20013dd4  rxBuffer                         
20013dd8  timer0                           
20013ddc  txBuffer                         
20013de0  uart                             
20013de4  _ctypes_                         
20014090  PowerCC32XX_config               
200140d4  UARTCC32XX_fxnTable              
200140fc  UART_defaultParams               
20014168  TimerCC32XX_fxnTable             
200141f0  GPIOCC32XX_config                
20014218  i2cCC32XXHWAttrs                 
20014254  I2C_defaultParams                
20014284  timerCC32XXHWAttrs               
200142a0  Timer_config                     
200142ac  UART_config                      
200142c4  CONFIG_GPIO_BUTTON_0_CONST       
200142c5  CONFIG_GPIO_BUTTON_1_CONST       
200142c6  CONFIG_GPIO_LED_0_CONST          
200142c7  CONFIG_I2C_0_CONST               
200142c8  I2C_count                        
200142c9  CONFIG_TIMER_0_CONST             
200142ca  Timer_count                      
200142cb  CONFIG_UART_0_CONST              
200142cc  UART_count                       
200142d0  I2C_config                       
200142d8  outPinTypes                      
200142ee  inPinTypes                       
200142f4  outPinStrengths                  
20014300  __TI_static_base__               
20014448  __TI_Handler_Table_Base          
20014454  __TI_Handler_Table_Limit         
20014460  __TI_CINIT_Base                  
20014470  __TI_CINIT_Limit                 
ffffffff  __TI_pprof_out_hndl              
ffffffff  __TI_prof_data_size              
ffffffff  __TI_prof_data_start             
ffffffff  __binit__                        
ffffffff  __c_args__                       
ffffffff  binit                            
UNDEFED   ITM_flush                        
UNDEFED   ITM_restore                      
UNDEFED   __mpu_init                       
UNDEFED   _system_post_cinit               

[360 symbols]
